Microchip MPLAB XC8 Compiler V2.20

Linker command line:

-W-3 --edf=C:\Program Files\Microchip\xc8\v2.20\pic\dat\en_msgs.txt -cn \
  -h+dist/default/production\SMT_32K.x.production.sym \
  --cmf=dist/default/production\SMT_32K.x.production.cmf -z -Q16F18857 \
  -oC:\Users\user\AppData\Local\Temp\s858.2 --defsym=__MPLAB_BUILD=1 \
  -Mdist/default/production/SMT_32K.x.production.map -E1 -ver=XC8 Compiler \
  --acfsm=1493 -ASTACK=02190h-02FEFh -pstack=STACK -ACODE=00h-07FFhx16 \
  -ASTRCODE=00h-07FFFh -ASTRING=00h-0FFhx128 -ACONST=00h-0FFhx128 \
  -AENTRY=00h-0FFhx128 -ACOMMON=070h-07Fh -ABANK0=020h-06Fh \
  -ABANK1=0A0h-0EFh -ABANK2=0120h-016Fh -ABANK3=01A0h-01EFh \
  -ABANK4=0220h-026Fh -ABANK5=02A0h-02EFh -ABANK6=0320h-036Fh \
  -ABANK7=03A0h-03EFh -ABANK8=0420h-046Fh -ABANK9=04A0h-04EFh \
  -ABANK10=0520h-056Fh -ABANK11=05A0h-05EFh -ABANK12=0620h-066Fh \
  -ABANK13=06A0h-06EFh -ABANK14=0720h-076Fh -ABANK15=07A0h-07EFh \
  -ABANK16=0820h-086Fh -ABANK17=08A0h-08EFh -ABANK18=0920h-096Fh \
  -ABANK19=09A0h-09EFh -ABANK20=0A20h-0A6Fh -ABANK21=0AA0h-0AEFh \
  -ABANK22=0B20h-0B6Fh -ABANK23=0BA0h-0BEFh -ABANK24=0C20h-0C6Fh \
  -ABANK25=0CA0h-0CEFh -ABANK26=0D20h-0D6Fh -ABANK27=0DA0h-0DEFh \
  -ABANK28=0E20h-0E6Fh -ABANK29=0EA0h-0EEFh -ABANK30=0F20h-0F6Fh \
  -ABANK31=0FA0h-0FEFh -ABANK32=01020h-0106Fh -ABANK33=010A0h-010EFh \
  -ABANK34=01120h-0116Fh -ABANK35=011A0h-011EFh -ABANK36=01220h-0126Fh \
  -ABANK37=012A0h-012EFh -ABANK38=01320h-0136Fh -ABANK39=013A0h-013EFh \
  -ABANK40=01420h-0146Fh -ABANK41=014A0h-014EFh -ABANK42=01520h-0156Fh \
  -ABANK43=015A0h-015EFh -ABANK44=01620h-0166Fh -ABANK45=016A0h-016EFh \
  -ABANK46=01720h-0176Fh -ABANK47=017A0h-017EFh -ABANK48=01820h-0186Fh \
  -ABANK49=018A0h-018EFh -ABANK50=01920h-0196Fh -ABIGRAM=02000h-02FEFh \
  -ARAM=020h-06Fh,0A0h-0EFh,0120h-016Fh,01A0h-01EFh,0220h-026Fh,02A0h-02EFh,0320h-036Fh,03A0h-03EFh,0420h-046Fh,04A0h-04EFh,0520h-056Fh,05A0h-05EFh,0620h-066Fh,06A0h-06EFh,0720h-076Fh,07A0h-07EFh,0820h-086Fh,08A0h-08EFh,0920h-096Fh,09A0h-09EFh,0A20h-0A6Fh,0AA0h-0AEFh,0B20h-0B6Fh,0BA0h-0BEFh,0C20h-0C6Fh,0CA0h-0CEFh,0D20h-0D6Fh,0DA0h-0DEFh,0E20h-0E6Fh,0EA0h-0EEFh,0F20h-0F6Fh,0FA0h-0FEFh,01020h-0106Fh,010A0h-010EFh,01120h-0116Fh,011A0h-011EFh,01220h-0126Fh,012A0h-012EFh,01320h-0136Fh,013A0h-013EFh,01420h-0146Fh,014A0h-014EFh,01520h-0156Fh,015A0h-015EFh,01620h-0166Fh,016A0h-016EFh,01720h-0176Fh,017A0h-017EFh,01820h-0186Fh,018A0h-018EFh,01920h-0196Fh \
  -AABS1=020h-07Fh,0A0h-0EFh,0120h-016Fh,01A0h-01EFh,0220h-026Fh,02A0h-02EFh,0320h-036Fh,03A0h-03EFh,0420h-046Fh,04A0h-04EFh,0520h-056Fh,05A0h-05EFh,0620h-066Fh,06A0h-06EFh,0720h-076Fh,07A0h-07EFh,0820h-086Fh,08A0h-08EFh,0920h-096Fh,09A0h-09EFh,0A20h-0A6Fh,0AA0h-0AEFh,0B20h-0B6Fh,0BA0h-0BEFh,0C20h-0C6Fh,0CA0h-0CEFh,0D20h-0D6Fh,0DA0h-0DEFh,0E20h-0E6Fh,0EA0h-0EEFh,0F20h-0F6Fh,0FA0h-0FEFh,01020h-0106Fh,010A0h-010EFh,01120h-0116Fh,011A0h-011EFh,01220h-0126Fh,012A0h-012EFh,01320h-0136Fh,013A0h-013EFh,01420h-0146Fh,014A0h-014EFh,01520h-0156Fh,015A0h-015EFh,01620h-0166Fh,016A0h-016EFh,01720h-0176Fh,017A0h-017EFh,01820h-0186Fh,018A0h-018EFh,01920h-0196Fh \
  -ASFR0=00h-01Fh -ASFR1=080h-09Fh -ASFR2=0100h-011Fh -ASFR3=0180h-019Fh \
  -ASFR4=0200h-021Fh -ASFR5=0280h-029Fh -ASFR6=0300h-031Fh \
  -ASFR7=0380h-039Fh -ASFR8=0400h-041Fh -ASFR9=0480h-049Fh \
  -ASFR10=0500h-051Fh -ASFR11=0580h-059Fh -ASFR12=0600h-061Fh \
  -ASFR13=0680h-069Fh -ASFR14=0700h-071Fh -ASFR15=0780h-079Fh \
  -ASFR16=0800h-081Fh -ASFR17=0880h-089Fh -ASFR18=0900h-091Fh \
  -ASFR19=0980h-099Fh -ASFR20=0A00h-0A1Fh -ASFR21=0A80h-0A9Fh \
  -ASFR22=0B00h-0B1Fh -ASFR23=0B80h-0B9Fh -ASFR24=0C00h-0C1Fh \
  -ASFR25=0C80h-0C9Fh -ASFR26=0D00h-0D1Fh -ASFR27=0D80h-0D9Fh \
  -ASFR28=0E00h-0E1Fh -ASFR29=0E80h-0E9Fh -ASFR30=0F00h-0F1Fh \
  -ASFR31=0F80h-0F9Fh -ASFR32=01000h-0101Fh -ASFR33=01080h-0109Fh \
  -ASFR34=01100h-0111Fh -ASFR35=01180h-0119Fh -ASFR36=01200h-0121Fh \
  -ASFR37=01280h-0129Fh -ASFR38=01300h-0131Fh -ASFR39=01380h-0139Fh \
  -ASFR40=01400h-0141Fh -ASFR41=01480h-0149Fh -ASFR42=01500h-0151Fh \
  -ASFR43=01580h-0159Fh -ASFR44=01600h-0161Fh -ASFR45=01680h-0169Fh \
  -ASFR46=01700h-0171Fh -ASFR47=01780h-0179Fh -ASFR48=01800h-0181Fh \
  -ASFR49=01880h-0189Fh -ASFR50=01900h-0191Fh -ASFR51=01980h-019EFh \
  -ASFR52=01A00h-01A6Fh -ASFR53=01A80h-01AEFh -ASFR54=01B00h-01B6Fh \
  -ASFR55=01B80h-01BEFh -ASFR56=01C00h-01C6Fh -ASFR57=01C80h-01CEFh \
  -ASFR58=01D00h-01D6Fh -ASFR59=01D80h-01DEFh -ASFR60=01E00h-01E6Fh \
  -ASFR61=01E80h-01EEFh -ASFR62=01F00h-01F6Fh -ASFR63=01F80h-01FEFh \
  -ACONFIG=08007h-0800Bh -DCONFIG=2 -AIDLOC=08000h-08003h -DIDLOC=2 \
  -preset_vec=00h,intentry,init,end_init -ppowerup=CODE -pcinit=CODE \
  -pfunctab=ENTRY -AEEDATA=00h-0FFh/0F000h -peeprom_data=EEDATA -DEEDATA=2 \
  -DCODE=2 -DSTRCODE=2 -DSTRING=2 -DCONST=2 -DENTRY=2 -k \
  C:\Users\user\AppData\Local\Temp\s858.o \
  dist/default/production\SMT_32K.x.production.o 

Object code version is 3.11

Machine type is 16F18857



                Name                               Link     Load   Length Selector   Space Scale
C:\Users\user\AppData\Local\Temp\s858.o
                end_init                              2        2        2        0       0
                reset_vec                             0        0        2        0       0
                config                             8007     8007        5        0       4
dist/default/production\SMT_32K.x.production.o
                cinit                               7D9      7D9       27      FB2       0
                config                             8007     8007        5        0       4
                text95                             1A9F     1A9F        3     353E       0
                text94                             1B35     1B35        9     366A       0
                text93                             1AF4     1AF4        6     35E8       0
                text92                             1AFA     1AFA        6     35F4       0
                text91                             1B00     1B00        6     3600       0
                text90                             1D27     1D27       22     3A4E       0
                text89                             1B3E     1B3E        9     367C       0
                text88                             1B50     1B50        D     36A0       0
                text87                             1F47     1F47       3D     3E8E       0
                text86                             1B25     1B25        8     364A       0
                text85                             1BE6     1BE6       12     37CC       0
                text84                             1B84     1B84        E     3708       0
                text83                             1BF8     1BF8       16     37F0       0
                text82                             13D1     13D1       AC     27A2       0
                text81                             1AA2     1AA2        3     3544       0
                text80                             1AA5     1AA5        3     354A       0
                text79                             1AA8     1AA8        3     3550       0
                text78                             1C8A     1C8A       1C     3914       0
                text77                             1AAB     1AAB        3     3556       0
                text76                             1AAE     1AAE        3     355C       0
                text75                             1AB1     1AB1        3     3562       0
                text74                             1B92     1B92       10     3724       0
                text73                             1E03     1E03       2A     3C06       0
                text72                             1B5D     1B5D        D     36BA       0
                text71                             1BA2     1BA2       11     3744       0
                text70                             1BB3     1BB3       11     3766       0
                text69                             1BC4     1BC4       11     3788       0
                text68                             1BD5     1BD5       11     37AA       0
                text67                             1C0E     1C0E       18     381C       0
                text66                             1A9B     1A9B        2     3536       0
                text65                             1A9D     1A9D        2     353A       0
                text64                             1AB4     1AB4        3     3568       0
                text63                             1ABA     1ABA        4     3574       0
                text62                             1AB7     1AB7        3     356E       0
                text61                             1ABE     1ABE        4     357C       0
                text60                             1AC2     1AC2        5     3584       0
                text59                             1B06     1B06        6     360C       0
                text58                             1000     1000        3     1A4C       0
                text57                             1EDE     1EDE       2F     3DBC       0
                text56                             1AC7     1AC7        5     358E       0
                text55                             1B47     1B47        9     368E       0
                text54                             1B2D     1B2D        8     365A       0
                text53                             1174     1174       57     22E8       0
                text52                             1037     1037       46     206E       0
                text51                             1B1E     1B1E        7     363C       0
                text50                             1ACC     1ACC        5     3598       0
                text49                             1AD1     1AD1        5     35A2       0
                text48                             1AD6     1AD6        5     35AC       0
                text47                             1ADB     1ADB        5     35B6       0
                text46                             1AE0     1AE0        5     35C0       0
                text45                             1AE5     1AE5        5     35CA       0
                text44                             1AEA     1AEA        5     35D4       0
                text43                             1AEF     1AEF        5     35DE       0
                text42                             1E83     1E83       2D     3D06       0
                text41                             1EB0     1EB0       2E     3D60       0
                text40                             1B0C     1B0C        6     3618       0
                text39                             1B6A     1B6A        D     36D4       0
                text38                             1D49     1D49       23     3A92       0
                text37                              800      800        5      FB2       0
                text36                             1B77     1B77        D     36EE       0
                text35                             1F0D     1F0D       3A     3E1A       0
                text34                             1F84     1F84       3D     3F08       0
                text33                             1FC1     1FC1       3F     3F82       0
                text32                             1E2D     1E2D       2A     3C5A       0
                text31                             1C56     1C56       1A     38AC       0
                text30                             1CA6     1CA6       1F     394C       0
                text29                             1C26     1C26       18     384C       0
                text28                             1CE5     1CE5       21     39CA       0
                text27                             147D     147D       AF     28FA       0
                text26                             127F     127F       5F     24FE       0
                text25                             10CB     10CB       53     2196       0
                text24                             164C     164C      1B4     2C98       0
                text23                             107D     107D       4E     20FA       0
                text22                              805      805       8B     100A       0
                text21                             1D6C     1D6C       23     3AD8       0
                text20                              ACF      ACF      257     159E       0
                text19                                4        4        B        0       0
                text18                              890      890      23F     1120       0
                text17                             1CC5     1CC5       20     398A       0
                text16                             12DE     12DE       74     25BC       0
                text15                             1352     1352       7F     26A4       0
                text14                                F        F       EB       1E       0
                text13                             1A9A     1A9A        1     3534       0
                text12                             111E     111E       56     223C       0
                text11                             1DDA     1DDA       29     3BB4       0
                text10                             1C70     1C70       1A     38E0       0
                text9                              11CB     11CB       59     2396       0
                text8                              1D06     1D06       21     3A0C       0
                text7                              1C3E     1C3E       18     387C       0
                text6                              1D8F     1D8F       25     3B1E       0
                text5                                FA       FA      6DF      1F4       0
                text4                              1224     1224       5B     2448       0
                text3                               D26      D26      2DA     1A4C       0
                text2                              1003     1003       34     2006       0
                text1                              1E57     1E57       2C     3CAE       0
                maintext                           152C     152C      120     2A58       0
                cstackBANK0                          20       20       50       20       1
                cstackCOMMON                         70       70        E       70       1
                cstackBANK1                          A0       A0       50       A0       1
                cstackBANK2                         14C      14C       23      120       1
                clrtext                            1B12     1B12        6     3624       0
                inittext                           1B18     1B18        6     3630       0
                bssBANK4                            220      220       50      220       1
                dataBANK3                           1A0      1A0       26      1A0       1
                bssBANK3                            1C6      1C6       14      1A0       1
                bssBANK2                            120      120       2C      120       1
                stringtext8                        2088     2088        3     4000       0
                stringtext7                        2084     2084        4     4000       0
                stringtext6                        2080     2080        4     4000       0
                stringtext5                        207C     207C        4     4000       0
                stringtext4                        2078     2078        4     4000       0
                stringtext3                        2068     2068       10     4000       0
                stringtext2                        2038     2038       30     4000       0
                stringtext1                        2000     2000       38     4000       0
                idataBANK3                         1DB4     1DB4       26     3B68       0

TOTAL           Name                               Link     Load   Length     Space
        CLASS   STACK          

        CLASS   CODE           
                end_init                              2        2        2         0
                cinit                               7D9      7D9       27         0
                reset_vec                             0        0        2         0
                text95                             1A9F     1A9F        3         0
                text94                             1B35     1B35        9         0
                text93                             1AF4     1AF4        6         0
                text92                             1AFA     1AFA        6         0
                text91                             1B00     1B00        6         0
                text90                             1D27     1D27       22         0
                text89                             1B3E     1B3E        9         0
                text88                             1B50     1B50        D         0
                text87                             1F47     1F47       3D         0
                text86                             1B25     1B25        8         0
                text85                             1BE6     1BE6       12         0
                text84                             1B84     1B84        E         0
                text83                             1BF8     1BF8       16         0
                text82                             13D1     13D1       AC         0
                text81                             1AA2     1AA2        3         0
                text80                             1AA5     1AA5        3         0
                text79                             1AA8     1AA8        3         0
                text78                             1C8A     1C8A       1C         0
                text77                             1AAB     1AAB        3         0
                text76                             1AAE     1AAE        3         0
                text75                             1AB1     1AB1        3         0
                text74                             1B92     1B92       10         0
                text73                             1E03     1E03       2A         0
                text72                             1B5D     1B5D        D         0
                text71                             1BA2     1BA2       11         0
                text70                             1BB3     1BB3       11         0
                text69                             1BC4     1BC4       11         0
                text68                             1BD5     1BD5       11         0
                text67                             1C0E     1C0E       18         0
                text66                             1A9B     1A9B        2         0
                text65                             1A9D     1A9D        2         0
                text64                             1AB4     1AB4        3         0
                text63                             1ABA     1ABA        4         0
                text62                             1AB7     1AB7        3         0
                text61                             1ABE     1ABE        4         0
                text60                             1AC2     1AC2        5         0
                text59                             1B06     1B06        6         0
                text58                             1000     1000        3         0
                text57                             1EDE     1EDE       2F         0
                text56                             1AC7     1AC7        5         0
                text55                             1B47     1B47        9         0
                text54                             1B2D     1B2D        8         0
                text53                             1174     1174       57         0
                text52                             1037     1037       46         0
                text51                             1B1E     1B1E        7         0
                text50                             1ACC     1ACC        5         0
                text49                             1AD1     1AD1        5         0
                text48                             1AD6     1AD6        5         0
                text47                             1ADB     1ADB        5         0
                text46                             1AE0     1AE0        5         0
                text45                             1AE5     1AE5        5         0
                text44                             1AEA     1AEA        5         0
                text43                             1AEF     1AEF        5         0
                text42                             1E83     1E83       2D         0
                text41                             1EB0     1EB0       2E         0
                text40                             1B0C     1B0C        6         0
                text39                             1B6A     1B6A        D         0
                text38                             1D49     1D49       23         0
                text37                              800      800        5         0
                text36                             1B77     1B77        D         0
                text35                             1F0D     1F0D       3A         0
                text34                             1F84     1F84       3D         0
                text33                             1FC1     1FC1       3F         0
                text32                             1E2D     1E2D       2A         0
                text31                             1C56     1C56       1A         0
                text30                             1CA6     1CA6       1F         0
                text29                             1C26     1C26       18         0
                text28                             1CE5     1CE5       21         0
                text27                             147D     147D       AF         0
                text26                             127F     127F       5F         0
                text25                             10CB     10CB       53         0
                text24                             164C     164C      1B4         0
                text23                             107D     107D       4E         0
                text22                              805      805       8B         0
                text21                             1D6C     1D6C       23         0
                text20                              ACF      ACF      257         0
                text19                                4        4        B         0
                text18                              890      890      23F         0
                text17                             1CC5     1CC5       20         0
                text16                             12DE     12DE       74         0
                text15                             1352     1352       7F         0
                text14                                F        F       EB         0
                text13                             1A9A     1A9A        1         0
                text12                             111E     111E       56         0
                text11                             1DDA     1DDA       29         0
                text10                             1C70     1C70       1A         0
                text9                              11CB     11CB       59         0
                text8                              1D06     1D06       21         0
                text7                              1C3E     1C3E       18         0
                text6                              1D8F     1D8F       25         0
                text5                                FA       FA      6DF         0
                text4                              1224     1224       5B         0
                text3                               D26      D26      2DA         0
                text2                              1003     1003       34         0
                text1                              1E57     1E57       2C         0
                maintext                           152C     152C      120         0
                clrtext                            1B12     1B12        6         0
                inittext                           1B18     1B18        6         0
                idataBANK3                         1DB4     1DB4       26         0

        CLASS   STRCODE        
                stringtext8                        2088     2088        3         0
                stringtext7                        2084     2084        4         0
                stringtext6                        2080     2080        4         0
                stringtext5                        207C     207C        4         0
                stringtext4                        2078     2078        4         0
                stringtext3                        2068     2068       10         0
                stringtext2                        2038     2038       30         0
                stringtext1                        2000     2000       38         0

        CLASS   STRING         

        CLASS   CONST          

        CLASS   ENTRY          

        CLASS   COMMON         
                cstackCOMMON                         70       70        E         1

        CLASS   BANK0          
                cstackBANK0                          20       20       50         1

        CLASS   BANK1          
                cstackBANK1                          A0       A0       50         1

        CLASS   BANK2          
                cstackBANK2                         14C      14C       23         1
                bssBANK2                            120      120       2C         1

        CLASS   BANK3          
                dataBANK3                           1A0      1A0       26         1
                bssBANK3                            1C6      1C6       14         1

        CLASS   BANK4          
                bssBANK4                            220      220       50         1

        CLASS   BANK5          

        CLASS   BANK6          

        CLASS   BANK7          

        CLASS   BANK8          

        CLASS   BANK9          

        CLASS   BANK10         

        CLASS   BANK11         

        CLASS   BANK12         

        CLASS   BANK13         

        CLASS   BANK14         

        CLASS   BANK15         

        CLASS   BANK16         

        CLASS   BANK17         

        CLASS   BANK18         

        CLASS   BANK19         

        CLASS   BANK20         

        CLASS   BANK21         

        CLASS   BANK22         

        CLASS   BANK23         

        CLASS   BANK24         

        CLASS   BANK25         

        CLASS   BANK26         

        CLASS   BANK27         

        CLASS   BANK28         

        CLASS   BANK29         

        CLASS   BANK30         

        CLASS   BANK31         

        CLASS   BANK32         

        CLASS   BANK33         

        CLASS   BANK34         

        CLASS   BANK35         

        CLASS   BANK36         

        CLASS   BANK37         

        CLASS   BANK38         

        CLASS   BANK39         

        CLASS   BANK40         

        CLASS   BANK41         

        CLASS   BANK42         

        CLASS   BANK43         

        CLASS   BANK44         

        CLASS   BANK45         

        CLASS   BANK46         

        CLASS   BANK47         

        CLASS   BANK48         

        CLASS   BANK49         

        CLASS   BANK50         

        CLASS   BIGRAM         

        CLASS   RAM            

        CLASS   ABS1           
                abs_s1                               7E       7E        2         1

        CLASS   SFR0           

        CLASS   SFR1           

        CLASS   SFR2           

        CLASS   SFR3           

        CLASS   SFR4           

        CLASS   SFR5           

        CLASS   SFR6           

        CLASS   SFR7           

        CLASS   SFR8           

        CLASS   SFR9           

        CLASS   SFR10          

        CLASS   SFR11          

        CLASS   SFR12          

        CLASS   SFR13          

        CLASS   SFR14          

        CLASS   SFR15          

        CLASS   SFR16          

        CLASS   SFR17          

        CLASS   SFR18          

        CLASS   SFR19          

        CLASS   SFR20          

        CLASS   SFR21          

        CLASS   SFR22          

        CLASS   SFR23          

        CLASS   SFR24          

        CLASS   SFR25          

        CLASS   SFR26          

        CLASS   SFR27          

        CLASS   SFR28          

        CLASS   SFR29          

        CLASS   SFR30          

        CLASS   SFR31          

        CLASS   SFR32          

        CLASS   SFR33          

        CLASS   SFR34          

        CLASS   SFR35          

        CLASS   SFR36          

        CLASS   SFR37          

        CLASS   SFR38          

        CLASS   SFR39          

        CLASS   SFR40          

        CLASS   SFR41          

        CLASS   SFR42          

        CLASS   SFR43          

        CLASS   SFR44          

        CLASS   SFR45          

        CLASS   SFR46          

        CLASS   SFR47          

        CLASS   SFR48          

        CLASS   SFR49          

        CLASS   SFR50          

        CLASS   SFR51          

        CLASS   SFR52          

        CLASS   SFR53          

        CLASS   SFR54          

        CLASS   SFR55          

        CLASS   SFR56          

        CLASS   SFR57          

        CLASS   SFR58          

        CLASS   SFR59          

        CLASS   SFR60          

        CLASS   SFR61          

        CLASS   SFR62          

        CLASS   SFR63          

        CLASS   CONFIG         
                config                             8007     8007        5         4

        CLASS   IDLOC          

        CLASS   EEDATA         

        CLASS   BANK63         

        CLASS   BANK62         

        CLASS   BANK61         

        CLASS   BANK60         

        CLASS   BANK59         

        CLASS   BANK58         

        CLASS   BANK57         

        CLASS   BANK56         

        CLASS   BANK55         

        CLASS   BANK54         

        CLASS   BANK53         

        CLASS   BANK52         

        CLASS   BANK51         



SEGMENTS        Name                           Load    Length   Top    Selector   Space  Class     Delta

                reset_vec                      000000  00000F  00000F         0       0  CODE        2
                text14                         00000F  0000EB  0000FA        1E       0  CODE        2
                cstackBANK0                    000020  000050  000070        20       1  BANK0       1
                cstackCOMMON                   000070  00000E  00007E        70       1  COMMON      1
                cstackBANK1                    0000A0  000050  0000F0        A0       1  BANK1       1
                bssBANK2                       000120  00004F  00016F       120       1  BANK2       1
                dataBANK3                      0001A0  00003A  0001DA       1A0       1  BANK3       1
                text5                          0000FA  0006DF  0007D9       1F4       0  CODE        2
                bssBANK4                       000220  000050  000270       220       1  BANK4       1
                cinit                          0007D9  00002C  000805       FB2       0  CODE        2
                text22                         000805  00008B  000890      100A       0  CODE        2
                text18                         000890  00023F  000ACF      1120       0  CODE        2
                text20                         000ACF  000257  000D26      159E       0  CODE        2
                text3                          000D26  0002DD  001003      1A4C       0  CODE        2
                text2                          001003  000034  001037      2006       0  CODE        2
                text52                         001037  000046  00107D      206E       0  CODE        2
                text23                         00107D  00004E  0010CB      20FA       0  CODE        2
                text25                         0010CB  000053  00111E      2196       0  CODE        2
                text12                         00111E  000056  001174      223C       0  CODE        2
                text53                         001174  000057  0011CB      22E8       0  CODE        2
                text9                          0011CB  000059  001224      2396       0  CODE        2
                text4                          001224  00005B  00127F      2448       0  CODE        2
                text26                         00127F  00005F  0012DE      24FE       0  CODE        2
                text16                         0012DE  000074  001352      25BC       0  CODE        2
                text15                         001352  00007F  0013D1      26A4       0  CODE        2
                text82                         0013D1  0000AC  00147D      27A2       0  CODE        2
                text27                         00147D  0000AF  00152C      28FA       0  CODE        2
                maintext                       00152C  000120  00164C      2A58       0  CODE        2
                text24                         00164C  0001B4  001800      2C98       0  CODE        2
                text13                         001A9A  000001  001A9B      3534       0  CODE        2
                text66                         001A9B  000002  001A9D      3536       0  CODE        2
                text65                         001A9D  000002  001A9F      353A       0  CODE        2
                text95                         001A9F  000003  001AA2      353E       0  CODE        2
                text81                         001AA2  000003  001AA5      3544       0  CODE        2
                text80                         001AA5  000003  001AA8      354A       0  CODE        2
                text79                         001AA8  000003  001AAB      3550       0  CODE        2
                text77                         001AAB  000003  001AAE      3556       0  CODE        2
                text76                         001AAE  000003  001AB1      355C       0  CODE        2
                text75                         001AB1  000003  001AB4      3562       0  CODE        2
                text64                         001AB4  000003  001AB7      3568       0  CODE        2
                text62                         001AB7  000003  001ABA      356E       0  CODE        2
                text63                         001ABA  000004  001ABE      3574       0  CODE        2
                text61                         001ABE  000004  001AC2      357C       0  CODE        2
                text60                         001AC2  000005  001AC7      3584       0  CODE        2
                text56                         001AC7  000005  001ACC      358E       0  CODE        2
                text50                         001ACC  000005  001AD1      3598       0  CODE        2
                text49                         001AD1  000005  001AD6      35A2       0  CODE        2
                text48                         001AD6  000005  001ADB      35AC       0  CODE        2
                text47                         001ADB  000005  001AE0      35B6       0  CODE        2
                text46                         001AE0  000005  001AE5      35C0       0  CODE        2
                text45                         001AE5  000005  001AEA      35CA       0  CODE        2
                text44                         001AEA  000005  001AEF      35D4       0  CODE        2
                text43                         001AEF  000005  001AF4      35DE       0  CODE        2
                text93                         001AF4  000006  001AFA      35E8       0  CODE        2
                text92                         001AFA  000006  001B00      35F4       0  CODE        2
                text91                         001B00  000006  001B06      3600       0  CODE        2
                text59                         001B06  000006  001B0C      360C       0  CODE        2
                text40                         001B0C  000006  001B12      3618       0  CODE        2
                clrtext                        001B12  000006  001B18      3624       0  CODE        2
                inittext                       001B18  000006  001B1E      3630       0  CODE        2
                text51                         001B1E  000007  001B25      363C       0  CODE        2
                text86                         001B25  000008  001B2D      364A       0  CODE        2
                text54                         001B2D  000008  001B35      365A       0  CODE        2
                text94                         001B35  000009  001B3E      366A       0  CODE        2
                text89                         001B3E  000009  001B47      367C       0  CODE        2
                text55                         001B47  000009  001B50      368E       0  CODE        2
                text88                         001B50  00000D  001B5D      36A0       0  CODE        2
                text72                         001B5D  00000D  001B6A      36BA       0  CODE        2
                text39                         001B6A  00000D  001B77      36D4       0  CODE        2
                text36                         001B77  00000D  001B84      36EE       0  CODE        2
                text84                         001B84  00000E  001B92      3708       0  CODE        2
                text74                         001B92  000010  001BA2      3724       0  CODE        2
                text71                         001BA2  000011  001BB3      3744       0  CODE        2
                text70                         001BB3  000011  001BC4      3766       0  CODE        2
                text69                         001BC4  000011  001BD5      3788       0  CODE        2
                text68                         001BD5  000011  001BE6      37AA       0  CODE        2
                text85                         001BE6  000012  001BF8      37CC       0  CODE        2
                text83                         001BF8  000016  001C0E      37F0       0  CODE        2
                text67                         001C0E  000018  001C26      381C       0  CODE        2
                text29                         001C26  000018  001C3E      384C       0  CODE        2
                text7                          001C3E  000018  001C56      387C       0  CODE        2
                text31                         001C56  00001A  001C70      38AC       0  CODE        2
                text10                         001C70  00001A  001C8A      38E0       0  CODE        2
                text78                         001C8A  00001C  001CA6      3914       0  CODE        2
                text30                         001CA6  00001F  001CC5      394C       0  CODE        2
                text17                         001CC5  000020  001CE5      398A       0  CODE        2
                text28                         001CE5  000021  001D06      39CA       0  CODE        2
                text8                          001D06  000021  001D27      3A0C       0  CODE        2
                text90                         001D27  000022  001D49      3A4E       0  CODE        2
                text38                         001D49  000023  001D6C      3A92       0  CODE        2
                text21                         001D6C  000023  001D8F      3AD8       0  CODE        2
                text6                          001D8F  000025  001DB4      3B1E       0  CODE        2
                idataBANK3                     001DB4  000026  001DDA      3B68       0  CODE        2
                text11                         001DDA  000029  001E03      3BB4       0  CODE        2
                text73                         001E03  00002A  001E2D      3C06       0  CODE        2
                text32                         001E2D  00002A  001E57      3C5A       0  CODE        2
                text1                          001E57  00002C  001E83      3CAE       0  CODE        2
                text42                         001E83  00002D  001EB0      3D06       0  CODE        2
                text41                         001EB0  00002E  001EDE      3D60       0  CODE        2
                text57                         001EDE  00002F  001F0D      3DBC       0  CODE        2
                text35                         001F0D  00003A  001F47      3E1A       0  CODE        2
                text87                         001F47  00003D  001F84      3E8E       0  CODE        2
                text34                         001F84  00003D  001FC1      3F08       0  CODE        2
                text33                         001FC1  00003F  002000      3F82       0  CODE        2
                stringtext1                    002000  00008B  00208B      4000       0  STRCODE     2


UNUSED ADDRESS RANGES

        Name                Unused          Largest block    Delta
        BANK10           00520-0056F              50           1
        BANK11           005A0-005EF              50           1
        BANK12           00620-0066F              50           1
        BANK13           006A0-006EF              50           1
        BANK14           00720-0076F              50           1
        BANK15           007A0-007EF              50           1
        BANK16           00820-0086F              50           1
        BANK17           008A0-008EF              50           1
        BANK18           00920-0096F              50           1
        BANK19           009A0-009EF              50           1
        BANK2            0016F-0016F               1           1
        BANK20           00A20-00A6F              50           1
        BANK21           00AA0-00AEF              50           1
        BANK22           00B20-00B6F              50           1
        BANK23           00BA0-00BEF              50           1
        BANK24           00C20-00C6F              50           1
        BANK25           00CA0-00CEF              50           1
        BANK26           00D20-00D6F              50           1
        BANK27           00DA0-00DEF              50           1
        BANK28           00E20-00E6F              50           1
        BANK29           00EA0-00EEF              50           1
        BANK3            001DA-001EF              16           1
        BANK30           00F20-00F6F              50           1
        BANK31           00FA0-00FEF              50           1
        BANK32           01020-0106F              50           1
        BANK33           010A0-010EF              50           1
        BANK34           01120-0116F              50           1
        BANK35           011A0-011EF              50           1
        BANK36           01220-0126F              50           1
        BANK37           012A0-012EF              50           1
        BANK38           01320-0136F              50           1
        BANK39           013A0-013EF              50           1
        BANK40           01420-0146F              50           1
        BANK41           014A0-014EF              50           1
        BANK42           01520-0156F              50           1
        BANK43           015A0-015EF              50           1
        BANK44           01620-0166F              50           1
        BANK45           016A0-016EF              50           1
        BANK46           01720-0176F              50           1
        BANK47           017A0-017EF              50           1
        BANK48           01820-0186F              50           1
        BANK49           018A0-018EF              50           1
        BANK5            002A0-002EF              50           1
        BANK50           01920-0196F              50           1
        BANK6            00320-0036F              50           1
        BANK7            003A0-003EF              50           1
        BANK8            00420-0046F              50           1
        BANK9            004A0-004EF              50           1
        BIGRAM           02000-02FEF             FF0           1
        CODE             01800-01A99             29A           2
                         0208B-07FFF             800
        CONST            01800-01A99             100           2
                         0208B-07FFF             100
        EEDATA           0F000-0F0FF             100           2
        ENTRY            01800-01A99             100           2
                         0208B-07FFF             100
        IDLOC            08000-08003               4           2
        RAM              0016F-0016F               1           1
                         001DA-001EF              16
                         002A0-002EF              50
                         00320-0036F              50
                         003A0-003EF              50
                         00420-0046F              50
                         004A0-004EF              50
                         00520-0056F              50
                         005A0-005EF              50
                         00620-0066F              50
                         006A0-006EF              50
                         00720-0076F              50
                         007A0-007EF              50
                         00820-0086F              50
                         008A0-008EF              50
                         00920-0096F              50
                         009A0-009EF              50
                         00A20-00A6F              50
                         00AA0-00AEF              50
                         00B20-00B6F              50
                         00BA0-00BEF              50
                         00C20-00C6F              50
                         00CA0-00CEF              50
                         00D20-00D6F              50
                         00DA0-00DEF              50
                         00E20-00E6F              50
                         00EA0-00EEF              50
                         00F20-00F6F              50
                         00FA0-00FEF              50
                         01020-0106F              50
                         010A0-010EF              50
                         01120-0116F              50
                         011A0-011EF              50
                         01220-0126F              50
                         012A0-012EF              50
                         01320-0136F              50
                         013A0-013EF              50
                         01420-0146F              50
                         014A0-014EF              50
                         01520-0156F              50
                         015A0-015EF              50
                         01620-0166F              50
                         016A0-016EF              50
                         01720-0176F              50
                         017A0-017EF              50
                         01820-0186F              50
                         018A0-018EF              50
                         01920-0196F              50
        SFR0             00000-0001F              20           1
        SFR1             00080-0009F              20           1
        SFR10            00500-0051F              20           1
        SFR11            00580-0059F              20           1
        SFR12            00600-0061F              20           1
        SFR13            00680-0069F              20           1
        SFR14            00700-0071F              20           1
        SFR15            00780-0079F              20           1
        SFR16            00800-0081F              20           1
        SFR17            00880-0089F              20           1
        SFR18            00900-0091F              20           1
        SFR19            00980-0099F              20           1
        SFR2             00100-0011F              20           1
        SFR20            00A00-00A1F              20           1
        SFR21            00A80-00A9F              20           1
        SFR22            00B00-00B1F              20           1
        SFR23            00B80-00B9F              20           1
        SFR24            00C00-00C1F              20           1
        SFR25            00C80-00C9F              20           1
        SFR26            00D00-00D1F              20           1
        SFR27            00D80-00D9F              20           1
        SFR28            00E00-00E1F              20           1
        SFR29            00E80-00E9F              20           1
        SFR3             00180-0019F              20           1
        SFR30            00F00-00F1F              20           1
        SFR31            00F80-00F9F              20           1
        SFR32            01000-0101F              20           1
        SFR33            01080-0109F              20           1
        SFR34            01100-0111F              20           1
        SFR35            01180-0119F              20           1
        SFR36            01200-0121F              20           1
        SFR37            01280-0129F              20           1
        SFR38            01300-0131F              20           1
        SFR39            01380-0139F              20           1
        SFR4             00200-0021F              20           1
        SFR40            01400-0141F              20           1
        SFR41            01480-0149F              20           1
        SFR42            01500-0151F              20           1
        SFR43            01580-0159F              20           1
        SFR44            01600-0161F              20           1
        SFR45            01680-0169F              20           1
        SFR46            01700-0171F              20           1
        SFR47            01780-0179F              20           1
        SFR48            01800-0181F              20           1
        SFR49            01880-0189F              20           1
        SFR5             00280-0029F              20           1
        SFR50            01900-0191F              20           1
        SFR51            01980-019EF              70           1
        SFR52            01A00-01A6F              70           1
        SFR53            01A80-01AEF              70           1
        SFR54            01B00-01B6F              70           1
        SFR55            01B80-01BEF              70           1
        SFR56            01C00-01C6F              70           1
        SFR57            01C80-01CEF              70           1
        SFR58            01D00-01D6F              70           1
        SFR59            01D80-01DEF              70           1
        SFR6             00300-0031F              20           1
        SFR60            01E00-01E6F              70           1
        SFR61            01E80-01EEF              70           1
        SFR62            01F00-01F6F              70           1
        SFR63            01F80-01FEF              70           1
        SFR7             00380-0039F              20           1
        SFR8             00400-0041F              20           1
        SFR9             00480-0049F              20           1
        STACK            02190-02FEF             E60           1
        STRCODE          01800-01A99             29A           2
                         0208B-07FFF            5F75
        STRING           01800-01A99             100           2
                         0208B-07FFF             100

                                  Symbol Table

?_SMT1_GetCapturedPeriod                       cstackCOMMON 00070
?__Umul8_16                                    cstackCOMMON 00070
?___awdiv                                      cstackCOMMON 00070
?___awmod                                      cstackCOMMON 00070
?___fladd                                      cstackCOMMON 00070
?___fldiv                                      cstackBANK0  00042
?___flmul                                      cstackBANK0  00028
?___flneg                                      cstackCOMMON 00070
?___flsub                                      cstackBANK0  0005C
?___fltol                                      cstackCOMMON 00070
?___fpclassifyf                                cstackCOMMON 00070
?___wmul                                       cstackCOMMON 00070
?___xxtofl                                     cstackCOMMON 00070
?_atoi                                         cstackCOMMON 00076
?_efgtoa                                       cstackBANK1  000A0
?_floorf                                       cstackBANK0  0005C
?_isdigit                                      cstackCOMMON 00070
?_isspace                                      cstackCOMMON 00070
?_isupper                                      cstackCOMMON 00070
?_pad                                          cstackBANK0  00024
?_sprintf                                      cstackBANK2  0015E
?_strlen                                       cstackCOMMON 00070
?_strncmp                                      cstackCOMMON 00070
?_tolower                                      cstackCOMMON 00076
?_vfpfcnvrt                                    cstackBANK1  000E2
?_vfprintf                                     cstackBANK1  000EA
EUSART_SetErrorHandler@interruptHandler        cstackCOMMON 00070
EUSART_SetFramingErrorHandler@interruptHandler cstackCOMMON 00070
EUSART_SetOverrunErrorHandler@interruptHandler cstackCOMMON 00070
I2C2_CallbackReturnReset@funPtr                cstackCOMMON 00079
I2C2_Close@returnValue                         cstackCOMMON 00071
I2C2_MasterOperation@read                      cstackBANK0  00023
I2C2_MasterOperation@returnValue               cstackBANK0  00024
I2C2_MasterSendTxData@data                     cstackCOMMON 00070
I2C2_Open@address                              cstackCOMMON 00071
I2C2_Open@returnValue                          cstackCOMMON 00072
I2C2_SetBuffer@buffer                          cstackCOMMON 00073
I2C2_SetBuffer@bufferSize                      cstackCOMMON 00070
I2C2_SetCallback@cb                            cstackCOMMON 00070
I2C2_SetCallback@idx                           cstackCOMMON 00074
I2C2_SetCallback@ptr                           cstackCOMMON 00072
I2C2_SetDataCompleteCallback@cb                cstackCOMMON 00075
I2C2_SetDataCompleteCallback@ptr               cstackCOMMON 00077
_ANSELA                                        (abs)        01F38
_ANSELB                                        (abs)        01F43
_ANSELC                                        (abs)        01F4E
_BAUD1CON                                      (abs)        0011F
_EUSART_DefaultErrorHandler                    (abs)        00000
_EUSART_DefaultFramingErrorHandler             (abs)        00000
_EUSART_DefaultOverrunErrorHandler             (abs)        00000
_EUSART_ErrorHandler                           bssBANK3     001D2
_EUSART_FramingErrorHandler                    bssBANK2     00145
_EUSART_Initialize                             text90       01D27
_EUSART_OverrunErrorHandler                    bssBANK3     001D4
_EUSART_SetErrorHandler                        text93       01AF4
_EUSART_SetFramingErrorHandler                 text92       01AFA
_EUSART_SetOverrunErrorHandler                 text91       01B00
_Freq                                          bssBANK2     00148
_Hodo                                          bssBANK3     001CE
_I2C2_CallbackReturnReset                      text65       01A9D
_I2C2_CallbackReturnStop                       text66       01A9B
_I2C2_Close                                    text78       01C8A
_I2C2_DO_ADDRESS_NACK                          text42       01E83
_I2C2_DO_IDLE                                  text56       01AC7
_I2C2_DO_RCEN                                  text51       01B1E
_I2C2_DO_RESET                                 text43       01AEF
_I2C2_DO_RX                                    text52       01037
_I2C2_DO_RX_ACK                                text46       01AE0
_I2C2_DO_RX_NACK_RESTART                       text44       01AEA
_I2C2_DO_RX_NACK_STOP                          text45       01AE5
_I2C2_DO_SEND_ADR_READ                         text55       01B47
_I2C2_DO_SEND_ADR_WRITE                        text54       01B2D
_I2C2_DO_SEND_RESTART                          text48       01AD6
_I2C2_DO_SEND_RESTART_READ                     text50       01ACC
_I2C2_DO_SEND_RESTART_WRITE                    text49       01AD1
_I2C2_DO_SEND_STOP                             text47       01ADB
_I2C2_DO_TX                                    text53       01174
_I2C2_DO_TX_EMPTY                              text57       01EDE
_I2C2_Initialize                               text89       01B3E
_I2C2_MasterClearIrq                           text81       01AA2
_I2C2_MasterClose                              text80       01AA5
_I2C2_MasterDisableIrq                         text79       01AA8
_I2C2_MasterEnableRestart                      text76       01AAE
_I2C2_MasterFsm                                text41       01EB0
_I2C2_MasterGetRxData                          text62       01AB7
_I2C2_MasterIsNack                             text59       01B06
_I2C2_MasterOpen                               text36       01B77
_I2C2_MasterOperation                          text38       01D49
_I2C2_MasterSendAck                            text61       01ABE
_I2C2_MasterSendNack                           text63       01ABA
_I2C2_MasterSendTxData                         text60       01AC2
_I2C2_MasterSetIrq                             text58       01000
_I2C2_MasterStart                              text77       01AAB
_I2C2_MasterStartRx                            text64       01AB4
_I2C2_MasterStop                               text75       01AB1
_I2C2_MasterWaitForEvent                       text40       01B0C
_I2C2_MasterWrite                              text37       00800
_I2C2_Open                                     text35       01F0D
_I2C2_Poller                                   text39       01B6A
_I2C2_SetBuffer                                text74       01B92
_I2C2_SetCallback                              text73       01E03
_I2C2_SetDataCompleteCallback                  text72       01B5D
_I2C2_Status                                   bssBANK2     00120
_ICON                                          stringtext1  02000
_INLVLA                                        (abs)        01F3C
_INLVLB                                        (abs)        01F47
_INLVLC                                        (abs)        01F52
_INLVLE                                        (abs)        01F68
_LATA                                          (abs)        00016
_LATB                                          (abs)        00017
_LATC                                          (abs)        00018
_LATCbits                                      (abs)        00018
_Msg1                                          dataBANK3    001BC
_Msg2                                          dataBANK3    001AE
_Msg3                                          dataBANK3    001A0
_ODCONA                                        (abs)        01F3A
_ODCONB                                        (abs)        01F45
_ODCONC                                        (abs)        01F50
_OSCCON1                                       (abs)        0088D
_OSCCON3                                       (abs)        0088F
_OSCEN                                         (abs)        00891
_OSCFRQ                                        (abs)        00893
_OSCILLATOR_Initialize                         text88       01B50
_OSCTUNE                                       (abs)        00892
_PIE3bits                                      (abs)        00719
_PIN_MANAGER_Initialize                        text87       01F47
_PIR3bits                                      (abs)        0070F
_PIR4bits                                      (abs)        00710
_PIR8bits                                      (abs)        00714
_PLLR                                          (abs)        04480
_PMD0                                          (abs)        00796
_PMD1                                          (abs)        00797
_PMD2                                          (abs)        00798
_PMD3                                          (abs)        00799
_PMD4                                          (abs)        0079A
_PMD5                                          (abs)        0079B
_PMD_Initialize                                text86       01B25
_PR2                                           (abs)        0028D
_Period                                        bssBANK3     001D6
_RB1PPS                                        (abs)        01F19
_RB2PPS                                        (abs)        01F1A
_RC1REG                                        (abs)        00119
_RC1STA                                        (abs)        0011D
_RC1STAbits                                    (abs)        0011D
_RC6PPS                                        (abs)        01F26
_RXPPS                                         (abs)        01ECB
_SLRCONA                                       (abs)        01F3B
_SLRCONB                                       (abs)        01F46
_SLRCONC                                       (abs)        01F51
_SMT1CLK                                       (abs)        0049B
_SMT1CON0                                      (abs)        00498
_SMT1CON0bits                                  (abs)        00498
_SMT1CON1                                      (abs)        00499
_SMT1CON1bits                                  (abs)        00499
_SMT1CPR                                       (abs)        0048F
_SMT1CPW                                       (abs)        00492
_SMT1PR                                        (abs)        00495
_SMT1PRH                                       (abs)        00496
_SMT1PRL                                       (abs)        00495
_SMT1PRU                                       (abs)        00497
_SMT1SIG                                       (abs)        0049C
_SMT1SIGPPS                                    (abs)        01EAA
_SMT1STAT                                      (abs)        0049A
_SMT1STATbits                                  (abs)        0049A
_SMT1TMR                                       (abs)        0048C
_SMT1WIN                                       (abs)        0049D
_SMT1WINPPS                                    (abs)        01EA9
_SMT1_DataAcquisitionEnable                    text95       01A9F
_SMT1_GetCapturedPeriod                        text94       01B35
_SMT1_Initialize                               text85       01BE6
_SP1BRGH                                       (abs)        0011C
_SP1BRGL                                       (abs)        0011B
_SSP2ADD                                       (abs)        00197
_SSP2BUF                                       (abs)        00196
_SSP2CLKPPS                                    (abs)        01EC8
_SSP2CON1                                      (abs)        0019A
_SSP2CON1bits                                  (abs)        0019A
_SSP2CON2                                      (abs)        0019B
_SSP2CON2bits                                  (abs)        0019B
_SSP2DATPPS                                    (abs)        01EC9
_SSP2STAT                                      (abs)        00199
_SSP2STATbits                                  (abs)        00199
_SYSTEM_Initialize                             text83       01BF8
_T2CLKCON                                      (abs)        00290
_T2CON                                         (abs)        0028E
_T2CONbits                                     (abs)        0028E
_T2HLT                                         (abs)        0028F
_T2HLTbits                                     (abs)        0028F
_T2PR                                          (abs)        0028D
_T2RST                                         (abs)        00291
_T2RSTbits                                     (abs)        00291
_T2TMR                                         (abs)        0028C
_TMR2                                          (abs)        0028C
_TMR2_Initialize                               text84       01B84
_TRISA                                         (abs)        00011
_TRISB                                         (abs)        00012
_TRISC                                         (abs)        00013
_TX1REG                                        (abs)        0011A
_TX1STA                                        (abs)        0011E
_TX1STAbits                                    (abs)        0011E
_WPUA                                          (abs)        01F39
_WPUB                                          (abs)        01F44
_WPUC                                          (abs)        01F4F
_WPUE                                          (abs)        01F65
__Habs1                                        abs1         00000
__Hbank0                                       bank0        00000
__Hbank1                                       bank1        00000
__Hbank10                                      bank10       00000
__Hbank11                                      bank11       00000
__Hbank12                                      bank12       00000
__Hbank13                                      bank13       00000
__Hbank14                                      bank14       00000
__Hbank15                                      bank15       00000
__Hbank16                                      bank16       00000
__Hbank17                                      bank17       00000
__Hbank18                                      bank18       00000
__Hbank19                                      bank19       00000
__Hbank2                                       bank2        00000
__Hbank20                                      bank20       00000
__Hbank21                                      bank21       00000
__Hbank22                                      bank22       00000
__Hbank23                                      bank23       00000
__Hbank24                                      bank24       00000
__Hbank25                                      bank25       00000
__Hbank26                                      bank26       00000
__Hbank27                                      bank27       00000
__Hbank28                                      bank28       00000
__Hbank29                                      bank29       00000
__Hbank3                                       bank3        00000
__Hbank30                                      bank30       00000
__Hbank31                                      bank31       00000
__Hbank32                                      bank32       00000
__Hbank33                                      bank33       00000
__Hbank34                                      bank34       00000
__Hbank35                                      bank35       00000
__Hbank36                                      bank36       00000
__Hbank37                                      bank37       00000
__Hbank38                                      bank38       00000
__Hbank39                                      bank39       00000
__Hbank4                                       bank4        00000
__Hbank40                                      bank40       00000
__Hbank41                                      bank41       00000
__Hbank42                                      bank42       00000
__Hbank43                                      bank43       00000
__Hbank44                                      bank44       00000
__Hbank45                                      bank45       00000
__Hbank46                                      bank46       00000
__Hbank47                                      bank47       00000
__Hbank48                                      bank48       00000
__Hbank49                                      bank49       00000
__Hbank5                                       bank5        00000
__Hbank50                                      bank50       00000
__Hbank51                                      bank51       00000
__Hbank52                                      bank52       00000
__Hbank53                                      bank53       00000
__Hbank54                                      bank54       00000
__Hbank55                                      bank55       00000
__Hbank56                                      bank56       00000
__Hbank57                                      bank57       00000
__Hbank58                                      bank58       00000
__Hbank59                                      bank59       00000
__Hbank6                                       bank6        00000
__Hbank60                                      bank60       00000
__Hbank61                                      bank61       00000
__Hbank62                                      bank62       00000
__Hbank63                                      bank63       00000
__Hbank7                                       bank7        00000
__Hbank8                                       bank8        00000
__Hbank9                                       bank9        00000
__Hbigram                                      bigram       00000
__HbssBANK2                                    bssBANK2     00000
__HbssBANK3                                    bssBANK3     00000
__HbssBANK4                                    bssBANK4     00000
__Hcinit                                       cinit        00800
__Hclrtext                                     clrtext      00000
__Hcode                                        code         00000
__Hcommon                                      common       00000
__Hconfig                                      config       0800C
__HcstackBANK0                                 cstackBANK0  00000
__HcstackBANK1                                 cstackBANK1  00000
__HcstackBANK2                                 cstackBANK2  00000
__HcstackCOMMON                                cstackCOMMON 00000
__HdataBANK3                                   dataBANK3    00000
__Heeprom_data                                 eeprom_data  00000
__Hend_init                                    end_init     00004
__Hfunctab                                     functab      00000
__HidataBANK3                                  idataBANK3   00000
__Hinit                                        init         00002
__Hinittext                                    inittext     00000
__Hintentry                                    intentry     00002
__Hmaintext                                    maintext     00000
__Hpowerup                                     powerup      00000
__Hram                                         ram          00000
__Hreset_vec                                   reset_vec    00002
__Hsfr0                                        sfr0         00000
__Hsfr1                                        sfr1         00000
__Hsfr10                                       sfr10        00000
__Hsfr11                                       sfr11        00000
__Hsfr12                                       sfr12        00000
__Hsfr13                                       sfr13        00000
__Hsfr14                                       sfr14        00000
__Hsfr15                                       sfr15        00000
__Hsfr16                                       sfr16        00000
__Hsfr17                                       sfr17        00000
__Hsfr18                                       sfr18        00000
__Hsfr19                                       sfr19        00000
__Hsfr2                                        sfr2         00000
__Hsfr20                                       sfr20        00000
__Hsfr21                                       sfr21        00000
__Hsfr22                                       sfr22        00000
__Hsfr23                                       sfr23        00000
__Hsfr24                                       sfr24        00000
__Hsfr25                                       sfr25        00000
__Hsfr26                                       sfr26        00000
__Hsfr27                                       sfr27        00000
__Hsfr28                                       sfr28        00000
__Hsfr29                                       sfr29        00000
__Hsfr3                                        sfr3         00000
__Hsfr30                                       sfr30        00000
__Hsfr31                                       sfr31        00000
__Hsfr32                                       sfr32        00000
__Hsfr33                                       sfr33        00000
__Hsfr34                                       sfr34        00000
__Hsfr35                                       sfr35        00000
__Hsfr36                                       sfr36        00000
__Hsfr37                                       sfr37        00000
__Hsfr38                                       sfr38        00000
__Hsfr39                                       sfr39        00000
__Hsfr4                                        sfr4         00000
__Hsfr40                                       sfr40        00000
__Hsfr41                                       sfr41        00000
__Hsfr42                                       sfr42        00000
__Hsfr43                                       sfr43        00000
__Hsfr44                                       sfr44        00000
__Hsfr45                                       sfr45        00000
__Hsfr46                                       sfr46        00000
__Hsfr47                                       sfr47        00000
__Hsfr48                                       sfr48        00000
__Hsfr49                                       sfr49        00000
__Hsfr5                                        sfr5         00000
__Hsfr50                                       sfr50        00000
__Hsfr51                                       sfr51        00000
__Hsfr52                                       sfr52        00000
__Hsfr53                                       sfr53        00000
__Hsfr54                                       sfr54        00000
__Hsfr55                                       sfr55        00000
__Hsfr56                                       sfr56        00000
__Hsfr57                                       sfr57        00000
__Hsfr58                                       sfr58        00000
__Hsfr59                                       sfr59        00000
__Hsfr6                                        sfr6         00000
__Hsfr60                                       sfr60        00000
__Hsfr61                                       sfr61        00000
__Hsfr62                                       sfr62        00000
__Hsfr63                                       sfr63        00000
__Hsfr7                                        sfr7         00000
__Hsfr8                                        sfr8         00000
__Hsfr9                                        sfr9         00000
__Hspace_0                                     (abs)        0208B
__Hspace_1                                     (abs)        00270
__Hspace_2                                     (abs)        00000
__Hspace_3                                     (abs)        00000
__Hspace_4                                     (abs)        10013
__Hstack                                       stack        00000
__Hstrings                                     strings      00000
__Hstringtext1                                 stringtext1  00000
__Hstringtext2                                 stringtext2  00000
__Hstringtext3                                 stringtext3  00000
__Hstringtext4                                 stringtext4  00000
__Hstringtext5                                 stringtext5  00000
__Hstringtext6                                 stringtext6  00000
__Hstringtext7                                 stringtext7  00000
__Hstringtext8                                 stringtext8  00000
__Hstringtext9                                 stringtext9  00000
__Htext                                        text         00000
__Labs1                                        abs1         00000
__Lbank0                                       bank0        00000
__Lbank1                                       bank1        00000
__Lbank10                                      bank10       00000
__Lbank11                                      bank11       00000
__Lbank12                                      bank12       00000
__Lbank13                                      bank13       00000
__Lbank14                                      bank14       00000
__Lbank15                                      bank15       00000
__Lbank16                                      bank16       00000
__Lbank17                                      bank17       00000
__Lbank18                                      bank18       00000
__Lbank19                                      bank19       00000
__Lbank2                                       bank2        00000
__Lbank20                                      bank20       00000
__Lbank21                                      bank21       00000
__Lbank22                                      bank22       00000
__Lbank23                                      bank23       00000
__Lbank24                                      bank24       00000
__Lbank25                                      bank25       00000
__Lbank26                                      bank26       00000
__Lbank27                                      bank27       00000
__Lbank28                                      bank28       00000
__Lbank29                                      bank29       00000
__Lbank3                                       bank3        00000
__Lbank30                                      bank30       00000
__Lbank31                                      bank31       00000
__Lbank32                                      bank32       00000
__Lbank33                                      bank33       00000
__Lbank34                                      bank34       00000
__Lbank35                                      bank35       00000
__Lbank36                                      bank36       00000
__Lbank37                                      bank37       00000
__Lbank38                                      bank38       00000
__Lbank39                                      bank39       00000
__Lbank4                                       bank4        00000
__Lbank40                                      bank40       00000
__Lbank41                                      bank41       00000
__Lbank42                                      bank42       00000
__Lbank43                                      bank43       00000
[...]
      Locals:         0       0       0       0       0       0       0       0       0       0       0       0       0       0       0       0       0       0       0       0       0       0       0       0       0       0       0       0       0       0       0       0       0       0       0       0       0       0       0       0       0       0       0       0       0       0       0       0       0       0       0       0
      Temps:          0       0       0       0       0       0       0       0       0       0       0       0       0       0       0       0       0       0       0       0       0       0       0       0       0       0       0       0       0       0       0       0       0       0       0       0       0       0       0       0       0       0       0       0       0       0       0       0       0       0       0       0
      Totals:         2       0       0       0       0       0       0       0       0       0       0       0       0       0       0       0       0       0       0       0       0       0       0       0       0       0       0       0       0       0       0       0       0       0       0       0       0       0       0       0       0       0       0       0       0       0       0       0       0       0       0       0
Total ram usage:        2 bytes
 Hardware stack levels used:    1
 This function calls:
		Nothing
 This function is called by:
		_EUSART_Initialize
 This function uses a non-reentrant model


 *************** function _EUSART_SetErrorHandler *****************
 Defined at:
		line 165 in file "mcc_generated_files/eusart.c"
 Parameters:    Size  Location     Type
  interruptHan    2    0[COMMON] PTR FTN()void 
		 -> EUSART_DefaultErrorHandler(1), 
 Auto vars:     Size  Location     Type
		None
 Return value:  Size  Location     Type
                  1    wreg      void 
 Registers used:
		wreg
 Tracked objects:
		On entry : 
		On exit  : 
		Unchanged: 
 Data sizes:     COMMON   BANK0   BANK1   BANK2   BANK3   BANK4   BANK5   BANK6   BANK7   BANK8   BANK9  BANK10  BANK11  BANK12  BANK13  BANK14  BANK15  BANK16  BANK17  BANK18  BANK19  BANK20  BANK21  BANK22  BANK23  BANK24  BANK25  BANK26  BANK27  BANK28  BANK29  BANK30  BANK31  BANK32  BANK33  BANK34  BANK35  BANK36  BANK37  BANK38  BANK39  BANK40  BANK41  BANK42  BANK43  BANK44  BANK45  BANK46  BANK47  BANK48  BANK49  BANK50
      Params:         2       0       0       0       0       0       0       0       0       0       0       0       0       0       0       0       0       0       0       0       0       0       0       0       0       0       0       0       0       0       0       0       0       0       0       0       0       0       0       0       0       0       0       0       0       0       0       0       0       0       0       0
      Locals:         0       0       0       0       0       0       0       0       0       0       0       0       0       0       0       0       0       0       0       0       0       0       0       0       0       0       0       0       0       0       0       0       0       0       0       0       0       0       0       0       0       0       0       0       0       0       0       0       0       0       0       0
      Temps:          0       0       0       0       0       0       0       0       0       0       0       0       0       0       0       0       0       0       0       0       0       0       0       0       0       0       0       0       0       0       0       0       0       0       0       0       0       0       0       0       0       0       0       0       0       0       0       0       0       0       0       0
      Totals:         2       0       0       0       0       0       0       0       0       0       0       0       0       0       0       0       0       0       0       0       0       0       0       0       0       0       0       0       0       0       0       0       0       0       0       0       0       0       0       0       0       0       0       0       0       0       0       0       0       0       0       0
Total ram usage:        2 bytes
 Hardware stack levels used:    1
 This function calls:
		Nothing
 This function is called by:
		_EUSART_Initialize
 This function uses a non-reentrant model


 *************** function _SMT1_GetCapturedPeriod *****************
 Defined at:
		line 165 in file "mcc_generated_files/smt1.c"
 Parameters:    Size  Location     Type
		None
 Auto vars:     Size  Location     Type
		None
 Return value:  Size  Location     Type
                  4    0[COMMON] unsigned long 
 Registers used:
		None
 Tracked objects:
		On entry : 
		On exit  : 
		Unchanged: 
 Data sizes:     COMMON   BANK0   BANK1   BANK2   BANK3   BANK4   BANK5   BANK6   BANK7   BANK8   BANK9  BANK10  BANK11  BANK12  BANK13  BANK14  BANK15  BANK16  BANK17  BANK18  BANK19  BANK20  BANK21  BANK22  BANK23  BANK24  BANK25  BANK26  BANK27  BANK28  BANK29  BANK30  BANK31  BANK32  BANK33  BANK34  BANK35  BANK36  BANK37  BANK38  BANK39  BANK40  BANK41  BANK42  BANK43  BANK44  BANK45  BANK46  BANK47  BANK48  BANK49  BANK50
      Params:         4       0       0       0       0       0       0       0       0       0       0       0       0       0       0       0       0       0       0       0       0       0       0       0       0       0       0       0       0       0       0       0       0       0       0       0       0       0       0       0       0       0       0       0       0       0       0       0       0       0       0       0
      Locals:         0       0       0       0       0       0       0       0       0       0       0       0       0       0       0       0       0       0       0       0       0       0       0       0       0       0       0       0       0       0       0       0       0       0       0       0       0       0       0       0       0       0       0       0       0       0       0       0       0       0       0       0
      Temps:          0       0       0       0       0       0       0       0       0       0       0       0       0       0       0       0       0       0       0       0       0       0       0       0       0       0       0       0       0       0       0       0       0       0       0       0       0       0       0       0       0       0       0       0       0       0       0       0       0       0       0       0
      Totals:         4       0       0       0       0       0       0       0       0       0       0       0       0       0       0       0       0       0       0       0       0       0       0       0       0       0       0       0       0       0       0       0       0       0       0       0       0       0       0       0       0       0       0       0       0       0       0       0       0       0       0       0
Total ram usage:        4 bytes
 Hardware stack levels used:    1
 This function calls:
		Nothing
 This function is called by:
		_main
 This function uses a non-reentrant model


 *************** function _SMT1_DataAcquisitionEnable *****************
 Defined at:
		line 90 in file "mcc_generated_files/smt1.c"
 Parameters:    Size  Location     Type
		None
 Auto vars:     Size  Location     Type
		None
 Return value:  Size  Location     Type
                  1    wreg      void 
 Registers used:
		None
 Tracked objects:
		On entry : 
		On exit  : 
		Unchanged: 
 Data sizes:     COMMON   BANK0   BANK1   BANK2   BANK3   BANK4   BANK5   BANK6   BANK7   BANK8   BANK9  BANK10  BANK11  BANK12  BANK13  BANK14  BANK15  BANK16  BANK17  BANK18  BANK19  BANK20  BANK21  BANK22  BANK23  BANK24  BANK25  BANK26  BANK27  BANK28  BANK29  BANK30  BANK31  BANK32  BANK33  BANK34  BANK35  BANK36  BANK37  BANK38  BANK39  BANK40  BANK41  BANK42  BANK43  BANK44  BANK45  BANK46  BANK47  BANK48  BANK49  BANK50
      Params:         0       0       0       0       0       0       0       0       0       0       0       0       0       0       0       0       0       0       0       0       0       0       0       0       0       0       0       0       0       0       0       0       0       0       0       0       0       0       0       0       0       0       0       0       0       0       0       0       0       0       0       0
      Locals:         0       0       0       0       0       0       0       0       0       0       0       0       0       0       0       0       0       0       0       0       0       0       0       0       0       0       0       0       0       0       0       0       0       0       0       0       0       0       0       0       0       0       0       0       0       0       0       0       0       0       0       0
      Temps:          0       0       0       0       0       0       0       0       0       0       0       0       0       0       0       0       0       0       0       0       0       0       0       0       0       0       0       0       0       0       0       0       0       0       0       0       0       0       0       0       0       0       0       0       0       0       0       0       0       0       0       0
      Totals:         0       0       0       0       0       0       0       0       0       0       0       0       0       0       0       0       0       0       0       0       0       0       0       0       0       0       0       0       0       0       0       0       0       0       0       0       0       0       0       0       0       0       0       0       0       0       0       0       0       0       0       0
Total ram usage:        0 bytes
 Hardware stack levels used:    1
 This function calls:
		Nothing
 This function is called by:
		_main
 This function uses a non-reentrant model



MODULE INFORMATION

Module		Function		Class		Link	Load	Size
mcc_generated_files/examples/i2c2_master_example.c
		_wr1RegCompleteHandler		CODE           	1BD5	0000	18
		_wr2RegCompleteHandler		CODE           	1BA2	0000	18
		_rdBlkRegCompleteHandler		CODE           	1C0E	0000	25
		_rd1RegCompleteHandler		CODE           	1BB3	0000	18
		_rd2RegCompleteHandler		CODE           	1BC4	0000	18

mcc_generated_files/examples/i2c2_master_example.c estimated size: 97

C:\Program Files\Microchip\xc8\v2.20\pic\sources\c99\common\nf_fputc.c
		_fputc         		CODE           	111E	0000	87

C:\Program Files\Microchip\xc8\v2.20\pic\sources\c99\common\nf_fputc.c estimated size: 87

C:\Program Files\Microchip\xc8\v2.20\pic\sources\c99\common\isdigit.c
		_isdigit       		CODE           	1C26	0000	25

C:\Program Files\Microchip\xc8\v2.20\pic\sources\c99\common\isdigit.c estimated size: 25

C:\Program Files\Microchip\xc8\v2.20\pic\sources\c99\common\sprcadd.c
		___flsub       		CODE           	1CC5	0000	33
		___fladd       		CODE           	0890	0000	576

C:\Program Files\Microchip\xc8\v2.20\pic\sources\c99\common\sprcadd.c estimated size: 609

C:\Program Files\Microchip\xc8\v2.20\pic\sources\c99\common\doprnt.c
		_vfpfcnvrt     		CODE           	0D26	0000	731
		_efgtoa        		CODE           	00FA	0000	1760
		_pad           		CODE           	11CB	0000	90
		_vfprintf      		CODE           	1003	0000	53

C:\Program Files\Microchip\xc8\v2.20\pic\sources\c99\common\doprnt.c estimated size: 2634

mcc_generated_files/tmr2.c
		_TMR2_Initialize		CODE           	1B84	0000	15

mcc_generated_files/tmr2.c estimated size: 15

C:\Program Files\Microchip\xc8\v2.20\pic\sources\c99\common\flneg.c
		___flneg       		CODE           	0004	0000	12

C:\Program Files\Microchip\xc8\v2.20\pic\sources\c99\common\flneg.c estimated size: 12

C:\Program Files\Microchip\xc8\v2.20\pic\sources\c99\common\Umul16.c
		___wmul        		CODE           	1CA6	0000	32

C:\Program Files\Microchip\xc8\v2.20\pic\sources\c99\common\Umul16.c estimated size: 32

mcc_generated_files/pin_manager.c
		_PIN_MANAGER_Initialize		CODE           	1F47	0000	62

mcc_generated_files/pin_manager.c estimated size: 62

C:\Program Files\Microchip\xc8\v2.20\pic\sources\c99\common\flge.c
		___flge        		CODE           	0805	0000	140

C:\Program Files\Microchip\xc8\v2.20\pic\sources\c99\common\flge.c estimated size: 140

C:\Program Files\Microchip\xc8\v2.20\pic\sources\c99\common\nf_sprintf.c
		_sprintf       		CODE           	1E57	0000	45

C:\Program Files\Microchip\xc8\v2.20\pic\sources\c99\common\nf_sprintf.c estimated size: 45

lcd_lib.c
		_lcd_cmd       		CODE           	1F84	0000	62
		_lcd_data      		CODE           	1E2D	0000	43
		_lcd_str       		CODE           	1C56	0000	27
		_lcd_init      		CODE           	1FC1	0000	64

lcd_lib.c estimated size: 196

C:\Program Files\Microchip\xc8\v2.20\pic\sources\c99\common\awmod.c
		___awmod       		CODE           	10CB	0000	84

C:\Program Files\Microchip\xc8\v2.20\pic\sources\c99\common\awmod.c estimated size: 84

C:\Program Files\Microchip\xc8\v2.20\pic\sources\c99\common\putch.c
		_putch         		CODE           	1A9A	0000	2

C:\Program Files\Microchip\xc8\v2.20\pic\sources\c99\common\putch.c estimated size: 2

C:\Program Files\Microchip\xc8\v2.20\pic\sources\c99\common\nf_fputs.c
		_fputs         		CODE           	1DDA	0000	42

C:\Program Files\Microchip\xc8\v2.20\pic\sources\c99\common\nf_fputs.c estimated size: 42

mcc_generated_files/i2c2_master.c
		_I2C2_DO_SEND_ADR_READ		CODE           	1B47	0000	10
		_I2C2_DO_RX_NACK_STOP		CODE           	1AE5	0000	6
		_I2C2_DO_SEND_RESTART		CODE           	1AD6	0000	6
		_I2C2_DO_TX_EMPTY		CODE           	1EDE	0000	48
		_I2C2_DO_SEND_RESTART_READ		CODE           	1ACC	0000	6
		_I2C2_CallbackReturnStop		CODE           	1A9B	0000	3
		_I2C2_DO_RX    		CODE           	1037	0000	71
		_I2C2_DO_TX    		CODE           	1174	0000	88
		_I2C2_DO_IDLE  		CODE           	1AC7	0000	6
		_I2C2_MasterOpen		CODE           	1B77	0000	14
		_I2C2_DO_RCEN  		CODE           	1B1E	0000	8
		_I2C2_MasterSendTxData		CODE           	1AC2	0000	6
		_I2C2_MasterStop		CODE           	1AB1	0000	4
		_I2C2_CallbackReturnReset		CODE           	1A9D	0000	3
		_I2C2_DO_RESET 		CODE           	1AEF	0000	6
		_I2C2_MasterStartRx		CODE           	1AB4	0000	4
		_I2C2_Poller   		CODE           	1B6A	0000	14
		_I2C2_DO_RX_ACK		CODE           	1AE0	0000	6
		_I2C2_MasterWaitForEvent		CODE           	1B0C	0000	7
		_I2C2_MasterSendNack		CODE           	1ABA	0000	5
		_I2C2_DO_RX_NACK_RESTART		CODE           	1AEA	0000	6
		_I2C2_MasterDisableIrq		CODE           	1AA8	0000	4
		_I2C2_MasterOperation		CODE           	1D49	0000	36
		_I2C2_SetCallback		CODE           	1E03	0000	43
		_I2C2_MasterEnableRestart		CODE           	1AAE	0000	4
		_I2C2_Open     		CODE           	1F0D	0000	59
		_I2C2_DO_ADDRESS_NACK		CODE           	1E83	0000	46
		_I2C2_SetBuffer		CODE           	1B92	0000	17
		_I2C2_DO_SEND_RESTART_WRITE		CODE           	1AD1	0000	6
		_I2C2_MasterClose		CODE           	1AA5	0000	4
		_I2C2_MasterWrite		CODE           	0800	0000	6
		_I2C2_Initialize		CODE           	1B3E	0000	10
		_I2C2_Close    		CODE           	1C8A	0000	29
		_I2C2_MasterIsNack		CODE           	1B06	0000	7
		_I2C2_MasterStart		CODE           	1AAB	0000	4
		_I2C2_DO_SEND_ADR_WRITE		CODE           	1B2D	0000	9
		_I2C2_MasterClearIrq		CODE           	1AA2	0000	4
		_I2C2_SetDataCompleteCallback		CODE           	1B5D	0000	14
		_I2C2_DO_SEND_STOP		CODE           	1ADB	0000	6
		_I2C2_MasterSendAck		CODE           	1ABE	0000	5
		_I2C2_MasterFsm		CODE           	1EB0	0000	47
		_I2C2_MasterGetRxData		CODE           	1AB7	0000	4
		_I2C2_MasterSetIrq		CODE           	1000	0000	4

mcc_generated_files/i2c2_master.c estimated size: 695

C:\Program Files\Microchip\xc8\v2.20\pic\sources\c99\common\isupper.c
		_isupper       		CODE           	1C3E	0000	25

C:\Program Files\Microchip\xc8\v2.20\pic\sources\c99\common\isupper.c estimated size: 25

shared
		_ICON          		STRCODE        	2000	0000	57
		__initialization		CODE           	07D9	0000	37
		_i2c2_fsmStateTable		STRCODE        	2038	0000	33

shared estimated size: 127

mcc_generated_files/smt1.c
		_SMT1_Initialize		CODE           	1BE6	0000	19
		_SMT1_GetCapturedPeriod		CODE           	1B35	0000	10
		_SMT1_DataAcquisitionEnable		CODE           	1A9F	0000	4

mcc_generated_files/smt1.c estimated size: 33

C:\Program Files\Microchip\xc8\v2.20\pic\sources\c99\common\Umul8_16.c
		__Umul8_16     		CODE           	1D6C	0000	36

C:\Program Files\Microchip\xc8\v2.20\pic\sources\c99\common\Umul8_16.c estimated size: 36

mcc_generated_files/mcc.c
		_PMD_Initialize		CODE           	1B25	0000	9
		_OSCILLATOR_Initialize		CODE           	1B50	0000	14
		_SYSTEM_Initialize		CODE           	1BF8	0000	23

mcc_generated_files/mcc.c estimated size: 46

C:\Program Files\Microchip\xc8\v2.20\pic\sources\c99\common\isspace.c
		_isspace       		CODE           	1CE5	0000	34

C:\Program Files\Microchip\xc8\v2.20\pic\sources\c99\common\isspace.c estimated size: 34

C:\Program Files\Microchip\xc8\v2.20\pic\sources\c99\common\strlen.c
		_strlen        		CODE           	1C70	0000	27

C:\Program Files\Microchip\xc8\v2.20\pic\sources\c99\common\strlen.c estimated size: 27

C:\Program Files\Microchip\xc8\v2.20\pic\sources\c99\common\strncmp.c
		_strncmp       		CODE           	1224	0000	92

C:\Program Files\Microchip\xc8\v2.20\pic\sources\c99\common\strncmp.c estimated size: 92

C:\Program Files\Microchip\xc8\v2.20\pic\sources\c99\common\tolower.c
		_tolower       		CODE           	1D8F	0000	38

C:\Program Files\Microchip\xc8\v2.20\pic\sources\c99\common\tolower.c estimated size: 38

C:\Program Files\Microchip\xc8\v2.20\pic\sources\c99\common\floorf.c
		_floorf        		CODE           	000F	0000	236

C:\Program Files\Microchip\xc8\v2.20\pic\sources\c99\common\floorf.c estimated size: 236

C:\Program Files\Microchip\xc8\v2.20\pic\sources\c99\common\sprcmul.c
		___flmul       		CODE           	0ACF	0000	600

C:\Program Files\Microchip\xc8\v2.20\pic\sources\c99\common\sprcmul.c estimated size: 600

C:\Program Files\Microchip\xc8\v2.20\pic\sources\c99\common\strcpy.c
		_strcpy        		CODE           	1D06	0000	34

C:\Program Files\Microchip\xc8\v2.20\pic\sources\c99\common\strcpy.c estimated size: 34

C:\Program Files\Microchip\xc8\v2.20\pic\sources\c99\common\sprcdiv.c
		___fldiv       		CODE           	164C	0000	437

C:\Program Files\Microchip\xc8\v2.20\pic\sources\c99\common\sprcdiv.c estimated size: 437

mcc_generated_files/eusart.c
		_EUSART_Initialize		CODE           	1D27	0000	35
		_EUSART_SetFramingErrorHandler		CODE           	1AFA	0000	7
		_EUSART_SetErrorHandler		CODE           	1AF4	0000	7
		_EUSART_SetOverrunErrorHandler		CODE           	1B00	0000	7

mcc_generated_files/eusart.c estimated size: 56

C:\Program Files\Microchip\xc8\v2.20\pic\sources\c99\common\awdiv.c
		___awdiv       		CODE           	127F	0000	96

C:\Program Files\Microchip\xc8\v2.20\pic\sources\c99\common\awdiv.c estimated size: 96

C:\Program Files\Microchip\xc8\v2.20\pic\sources\c99\common\atoi.c
		_atoi          		CODE           	147D	0000	176

C:\Program Files\Microchip\xc8\v2.20\pic\sources\c99\common\atoi.c estimated size: 176

C:\Program Files\Microchip\xc8\v2.20\pic\sources\c99\common\__fpclassifyf.c
		___fpclassifyf 		CODE           	1352	0000	128

C:\Program Files\Microchip\xc8\v2.20\pic\sources\c99\common\__fpclassifyf.c estimated size: 128

C:\Program Files\Microchip\xc8\v2.20\pic\sources\c99\common\fltol.c
		___fltol       		CODE           	12DE	0000	117

C:\Program Files\Microchip\xc8\v2.20\pic\sources\c99\common\fltol.c estimated size: 117

C:\Program Files\Microchip\xc8\v2.20\pic\sources\c99\common\fleq.c
		___fleq        		CODE           	107D	0000	79

C:\Program Files\Microchip\xc8\v2.20\pic\sources\c99\common\fleq.c estimated size: 79

main.c
		_main          		CODE           	152C	0000	289

main.c estimated size: 289

C:\Program Files\Microchip\xc8\v2.20\pic\sources\c99\common\xxtofl.c
		___xxtofl      		CODE           	13D1	0000	173

C:\Program Files\Microchip\xc8\v2.20\pic\sources\c99\common\xxtofl.c estimated size: 173

